// Jest Snapshot v1, https://goo.gl/fbAQLP

exports[`Badge renders 1`] = `
<styled.div
  className="badge-wrapper"
>
  <Styled(styled.p)
    className="badge-label"
  >
    name1
  </Styled(styled.p)>
  <styled.p
    className="badge-value"
    style={
      Object {
        "backgroundColor": "black",
      }
    }
  >
    value1
  </styled.p>
</styled.div>
`;
