// Jest Snapshot v1, https://goo.gl/fbAQLP

exports[`Preview renders 1`] = `
<section
  className="preview-wrapper"
>
  <div
    className="preview-card-wrapper"
    onClick={[Function]}
  >
    <link
      href="https://fonts.googleapis.com/css2?family=Inter:wght@200;400;500&display=swap"
      rel="stylesheet"
    />
    <link
      href="https://cdn.jsdelivr.net/gh/devicons/devicon@v2.6/devicon.min.css"
      rel="stylesheet"
    />
    <Card
      fileType="PNG"
      font="Inter"
      logo=""
      name=""
      pattern="Plus"
      theme="Dark"
    />
    <img
      alt="Card"
      className="preview-image-wrapper"
      src="/png"
    />
  </div>
  <div
    className="preview-download-wrapper"
  >
    <Space>
      <Button
        block={false}
        className="preview-download-button"
        download="undefined-undefined.png"
        ghost={false}
        href="/png"
        htmlType="button"
        icon={<ForwardRef(DownloadOutlined) />}
        loading={false}
        type="primary"
      >
        Download
      </Button>
      <Button
        block={false}
        className="preview-copy-url-button"
        ghost={false}
        htmlType="button"
        icon={<ForwardRef(CopyOutlined) />}
        loading={false}
        onClick={[Function]}
        type="default"
      >
        Image url
      </Button>
      <Button
        block={false}
        className="preview-copy-markdown-button"
        ghost={false}
        htmlType="button"
        icon={<ForwardRef(CopyOutlined) />}
        loading={false}
        onClick={[Function]}
        type="default"
      >
        Markdown
      </Button>
      <Button
        block={false}
        className="preview-copy-tag-button"
        ghost={false}
        htmlType="button"
        icon={<ForwardRef(CopyOutlined) />}
        loading={false}
        onClick={[Function]}
        type="default"
      >
        Meta tag
      </Button>
    </Space>
  </div>
</section>
`;
