// Jest Snapshot v1, https://goo.gl/fbAQLP

exports[`Footer renders 1`] = `
<div
  className="footerFlex"
>
  <Text
    style={
      Object {
        "margin": "unset",
      }
    }
  >
    Made with 
    <HeartSvg />
     by 
    <ForwardRef(Link)
      href="https://cryogenicplanet.tech"
      rel="noopener noreferrer"
      target="_blank"
    >
      CryogenicPlanet
    </ForwardRef(Link)>
     and 
    <ForwardRef(Link)
      href="https://github.com/wei/"
      rel="noopener noreferrer"
      target="_blank"
    >
      Wei
    </ForwardRef(Link)>
  </Text>
</div>
`;
