// Jest Snapshot v1, https://goo.gl/fbAQLP

exports[`Repo renders 1`] = `
<div
  className="repoWrapper"
>
  <form
    className="repoInputContainer"
    onSubmit={[Function]}
  >
    <Input
      autoFocus={true}
      onChange={[Function]}
      placeholder="Enter GitHub repo"
      prefix={<ForwardRef(GithubOutlined) />}
      suffix={
        <Button
          block={false}
          ghost={false}
          htmlType="submit"
          loading={false}
          type="primary"
        >
          Submit
        </Button>
      }
      type="text"
      value=""
    />
  </form>
</div>
`;
